// Jest Snapshot v1, https://goo.gl/fbAQLP

exports[`RoundedCard render properly 1`] = `
<div
  class="RoundedCard"
>
  foo
</div>
`;
